  [RESUME] Skipping 69 completed for pi
Serial kimi eval: harness=pi model=kimi-k2.6-cloud
  Total=19 Pending=19 Skip=69 Concurrency=1

############################################################
# [1/19] pi x django__django-11797
############################################################

============================================================
[SETUP] django__django-11797 for pi

[RUN] pi on django__django-11797 ...
  [EVAL] pi on django__django-11797 ...
  => django__django-11797 | pi | patch-but-failed

############################################################
# [2/19] pi x django__django-11815
############################################################

============================================================
[SETUP] django__django-11815 for pi

[RUN] pi on django__django-11815 ...
  [EVAL] pi on django__django-11815 ...
  => django__django-11815 | pi | resolved

############################################################
# [3/19] pi x django__django-11848
############################################################

============================================================
[SETUP] django__django-11848 for pi

[RUN] pi on django__django-11848 ...
  [EVAL] pi on django__django-11848 ...
  => django__django-11848 | pi | resolved

############################################################
# [4/19] pi x django__django-11964
############################################################

============================================================
[SETUP] django__django-11964 for pi

[RUN] pi on django__django-11964 ...
  [EVAL] pi on django__django-11964 ...
  => django__django-11964 | pi | patch-but-failed

############################################################
# [5/19] pi x django__django-11999
############################################################

============================================================
[SETUP] django__django-11999 for pi

[RUN] pi on django__django-11999 ...
