  [RESUME] Skipping 30 completed for cline-patched
Serial kimi eval: harness=cline-patched model=kimi-k2.6-cloud
  Total=100 Pending=70 Skip=30 Concurrency=1

############################################################
# [1/70] cline-patched x astropy__astropy-12907
############################################################

============================================================
[SETUP] astropy__astropy-12907 for cline-patched
  [FETCH RETRY 1/3] timeout=300s, waiting 10s...
  [FETCH RETRY 2/3] timeout=300s, waiting 10s...

[RUN] cline-patched on astropy__astropy-12907 ...
  [EVAL] cline-patched on astropy__astropy-12907 ...
  => astropy__astropy-12907 | cline-patched | patch-but-failed

############################################################
# [2/70] cline-patched x astropy__astropy-14182
############################################################

============================================================
[SETUP] astropy__astropy-14182 for cline-patched

[RUN] cline-patched on astropy__astropy-14182 ...
  [EVAL] cline-patched on astropy__astropy-14182 ...
