  [RESUME] Skipping 30 completed for pi
Serial kimi eval: harness=pi model=kimi-k2.6-cloud
  Total=100 Pending=70 Skip=30 Concurrency=1

############################################################
# [1/70] pi x astropy__astropy-12907
############################################################

============================================================
[SETUP] astropy__astropy-12907 for pi
  [FETCH RETRY 1/3] timeout=300s, waiting 10s...
  [FETCH RETRY 2/3] timeout=300s, waiting 10s...

[RUN] pi on astropy__astropy-12907 ...
  [EVAL] pi on astropy__astropy-12907 ...
  => astropy__astropy-12907 | pi | patch-but-failed

############################################################
# [2/70] pi x astropy__astropy-14182
############################################################

============================================================
[SETUP] astropy__astropy-14182 for pi

[RUN] pi on astropy__astropy-14182 ...
  [EVAL] pi on astropy__astropy-14182 ...
  => astropy__astropy-14182 | pi | patch-but-failed

############################################################
# [3/70] pi x django__django-10914
############################################################

============================================================
[SETUP] django__django-10914 for pi

[RUN] pi on django__django-10914 ...
  [EVAL] pi on django__django-10914 ...
  => django__django-10914 | pi | resolved

############################################################
# [4/70] pi x django__django-11797
############################################################

============================================================
[SETUP] django__django-11797 for pi
  => django__django-11797 | pi | blocked

############################################################
# [5/70] pi x django__django-11815
############################################################

============================================================
[SETUP] django__django-11815 for pi
  [FETCH RETRY 1/3] timeout=300s, waiting 10s...
  => django__django-11815 | pi | blocked

############################################################
# [6/70] pi x django__django-11848
############################################################

============================================================
[SETUP] django__django-11848 for pi
  [FETCH RETRY 1/3] timeout=300s, waiting 10s...
