===== PIPELINE START 2026-09-30 14:21:48 =====
===== S4 multi-seed 2026-09-30 14:21:48 =====
===== S4 openvision2 seed=1234 =====
[run_train] tower=openvision2 steps=3000 out=/nas_train/app.e0031982/datasets/baize-vision/out/S4_openvision2_s1234 extra=--data /nas_train/app.e0031982/datasets/baize-vision/en500k/*.tar --batch-size 32 --log-every 50 --seed 1234

[model] openvision2 vision params=505.0M
[start] tower=openvision2 loss=siglip lr=0.001 bs=32 world=6 steps=3000 res=224 patch=16 seed=1234 shards=5/rank
[step 50/3000] loss=7.7140 ms/iter=195.9 image/s=980.0 lr=5.00e-04
[step 100/3000] loss=7.6025 ms/iter=96.3 image/s=1993.8 lr=1.00e-03
[step 150/3000] loss=7.4921 ms/iter=92.9 image/s=2066.4 lr=9.99e-04
[step 200/3000] loss=7.4613 ms/iter=94.6 image/s=2030.3 lr=9.97e-04
[step 250/3000] loss=7.3391 ms/iter=98.0 image/s=1958.5 lr=9.93e-04
[step 300/3000] loss=7.2173 ms/iter=95.0 image/s=2021.3 lr=9.88e-04
[step 350/3000] loss=7.1263 ms/iter=94.1 image/s=2040.7 lr=9.82e-04
[step 400/3000] loss=7.0356 ms/iter=93.9 image/s=2045.1 lr=9.74e-04
[step 450/3000] loss=6.9746 ms/iter=97.4 image/s=1970.8 lr=9.65e-04
[step 500/3000] loss=6.8541 ms/iter=96.1 image/s=1997.7 lr=9.54e-04
[step 550/3000] loss=6.7342 ms/iter=98.1 image/s=1958.0 lr=9.42e-04
[step 600/3000] loss=6.6448 ms/iter=100.4 image/s=1912.3 lr=9.29e-04
[step 650/3000] loss=6.6148 ms/iter=100.7 image/s=1906.3 lr=9.15e-04
[step 700/3000] loss=6.4964 ms/iter=101.4 image/s=1893.8 lr=8.99e-04
[step 750/3000] loss=6.4082 ms/iter=98.5 image/s=1949.6 lr=8.82e-04
[step 800/3000] loss=6.3782 ms/iter=99.3 image/s=1932.6 lr=8.64e-04
[step 850/3000] loss=6.2615 ms/iter=99.0 image/s=1939.9 lr=8.45e-04
[step 900/3000] loss=6.1457 ms/iter=98.5 image/s=1950.0 lr=8.25e-04
[step 950/3000] loss=6.1457 ms/iter=93.7 image/s=2048.1 lr=8.05e-04
[step 1000/3000] loss=6.0312 ms/iter=97.7 image/s=1965.1 lr=7.83e-04
[step 1050/3000] loss=5.9207 ms/iter=94.4 image/s=2034.2 lr=7.60e-04
[step 1100/3000] loss=5.9180 ms/iter=94.0 image/s=2043.5 lr=7.37e-04
[step 1150/3000] loss=5.8058 ms/iter=98.8 image/s=1943.4 lr=7.13e-04
[step 1200/3000] loss=5.8057 ms/iter=99.1 image/s=1938.3 lr=6.88e-04
[step 1250/3000] loss=5.6957 ms/iter=96.5 image/s=1990.6 lr=6.63e-04
[step 1300/3000] loss=5.6147 ms/iter=96.0 image/s=2000.5 lr=6.37e-04
[step 1350/3000] loss=5.5877 ms/iter=95.0 image/s=2020.4 lr=6.11e-04
[step 1400/3000] loss=5.5877 ms/iter=96.8 image/s=1983.1 lr=5.85e-04
[step 1450/3000] loss=5.4818 ms/iter=99.2 image/s=1934.9 lr=5.59e-04
[step 1500/3000] loss=5.4818 ms/iter=96.9 image/s=1980.7 lr=5.32e-04
[step 1550/3000] loss=5.3785 ms/iter=98.0 image/s=1959.3 lr=5.05e-04
[step 1600/3000] loss=5.3784 ms/iter=97.6 image/s=1967.6 lr=4.78e-04
[step 1650/3000] loss=5.3273 ms/iter=90.9 image/s=2113.2 lr=4.51e-04
[step 1700/3000] loss=5.2775 ms/iter=90.2 image/s=2127.8 lr=4.25e-04
[step 1750/3000] loss=5.2772 ms/iter=92.7 image/s=2070.7 lr=3.99e-04
[step 1800/3000] loss=5.2262 ms/iter=92.5 image/s=2076.4 lr=3.73e-04
[step 1850/3000] loss=5.1798 ms/iter=94.7 image/s=2028.3 lr=3.47e-04
[step 1900/3000] loss=5.1798 ms/iter=95.5 image/s=2010.9 lr=3.22e-04
[step 1950/3000] loss=5.1798 ms/iter=93.3 image/s=2057.1 lr=2.97e-04
[step 2000/3000] loss=5.1092 ms/iter=94.9 image/s=2023.2 lr=2.73e-04
[step 2050/3000] loss=5.0860 ms/iter=93.9 image/s=2043.7 lr=2.50e-04
[step 2100/3000] loss=5.0860 ms/iter=94.0 image/s=2042.4 lr=2.27e-04
[step 2150/3000] loss=5.0860 ms/iter=94.7 image/s=2027.3 lr=2.05e-04
[step 2200/3000] loss=5.0860 ms/iter=94.9 image/s=2023.4 lr=1.85e-04
[step 2250/3000] loss=5.0860 ms/iter=93.6 image/s=2051.7 lr=1.65e-04
[step 2300/3000] loss=5.0185 ms/iter=93.5 image/s=2052.6 lr=1.46e-04
[step 2350/3000] loss=5.0185 ms/iter=94.2 image/s=2037.8 lr=1.28e-04
[step 2400/3000] loss=5.0167 ms/iter=94.2 image/s=2038.7 lr=1.11e-04
[step 2450/3000] loss=4.9970 ms/iter=93.5 image/s=2053.8 lr=9.53e-05
[step 2500/3000] loss=4.9962 ms/iter=95.1 image/s=2019.8 lr=8.09e-05
[step 2550/3000] loss=4.9962 ms/iter=121.2 image/s=1584.8 lr=6.77e-05
[step 2600/3000] loss=4.9962 ms/iter=117.7 image/s=1631.1 lr=5.58e-05
[step 2650/3000] loss=4.9961 ms/iter=117.7 image/s=1631.5 lr=4.52e-05
[step 2700/3000] loss=4.9961 ms/iter=117.9 image/s=1628.4 lr=3.59e-05
[step 2750/3000] loss=4.9962 ms/iter=117.0 image/s=1640.4 lr=2.80e-05
[step 2800/3000] loss=4.9962 ms/iter=119.7 image/s=1603.7 lr=2.16e-05
[step 2850/3000] loss=4.9962 ms/iter=118.7 image/s=1617.5 lr=1.65e-05
[step 2900/3000] loss=4.9961 ms/iter=119.2 image/s=1610.6 lr=1.29e-05
[step 2950/3000] loss=4.9962 ms/iter=117.2 image/s=1637.9 lr=1.07e-05
[step 3000/3000] loss=4.9962 ms/iter=120.9 image/s=1587.9 lr=1.00e-05
[done] total=418.8s steps=3000 steady_image_s=1582.1
[saved] /nas_train/app.e0031982/datasets/baize-vision/out/S4_openvision2_s1234/vision.pt
===== S4 openvision2 seed=1234 done (exit 0) =====
===== S4 openvision2 seed=42 =====
[run_train] tower=openvision2 steps=3000 out=/nas_train/app.e0031982/datasets/baize-vision/out/S4_openvision2_s42 extra=--data /nas_train/app.e0031982/datasets/baize-vision/en500k/*.tar --batch-size 32 --log-every 50 --seed 42

[model] openvision2 vision params=505.0M
[start] tower=openvision2 loss=siglip lr=0.001 bs=32 world=6 steps=3000 res=224 patch=16 seed=42 shards=5/rank
[step 50/3000] loss=7.7106 ms/iter=193.6 image/s=991.9 lr=5.00e-04
[step 100/3000] loss=7.6138 ms/iter=96.8 image/s=1983.2 lr=1.00e-03
[step 150/3000] loss=7.4921 ms/iter=98.3 image/s=1953.7 lr=9.99e-04
[step 200/3000] loss=7.4614 ms/iter=96.7 image/s=1984.8 lr=9.97e-04
[step 250/3000] loss=7.3392 ms/iter=95.5 image/s=2010.0 lr=9.93e-04
[step 300/3000] loss=7.2173 ms/iter=96.2 image/s=1995.5 lr=9.88e-04
[step 350/3000] loss=7.1263 ms/iter=96.6 image/s=1987.2 lr=9.82e-04
[step 400/3000] loss=7.0053 ms/iter=95.4 image/s=2013.6 lr=9.74e-04
[step 450/3000] loss=6.9747 ms/iter=96.5 image/s=1989.1 lr=9.65e-04
[step 500/3000] loss=6.8541 ms/iter=97.7 image/s=1965.9 lr=9.54e-04
[step 550/3000] loss=6.7342 ms/iter=98.7 image/s=1945.2 lr=9.42e-04
[step 600/3000] loss=6.6448 ms/iter=97.6 image/s=1966.8 lr=9.29e-04
[step 650/3000] loss=6.6149 ms/iter=94.1 image/s=2040.4 lr=9.15e-04
[step 700/3000] loss=6.4962 ms/iter=95.9 image/s=2002.8 lr=8.99e-04
[step 750/3000] loss=6.4079 ms/iter=99.6 image/s=1927.3 lr=8.82e-04
[step 800/3000] loss=6.3782 ms/iter=99.9 image/s=1921.9 lr=8.64e-04
[step 850/3000] loss=6.2615 ms/iter=96.0 image/s=2000.8 lr=8.45e-04
[step 900/3000] loss=6.1457 ms/iter=98.7 image/s=1944.6 lr=8.25e-04
[step 950/3000] loss=6.1457 ms/iter=97.5 image/s=1968.8 lr=8.05e-04
[step 1000/3000] loss=6.0311 ms/iter=99.9 image/s=1921.1 lr=7.83e-04
[step 1050/3000] loss=5.9463 ms/iter=98.7 image/s=1945.0 lr=7.60e-04
[step 1100/3000] loss=5.9178 ms/iter=97.3 image/s=1973.1 lr=7.37e-04
[step 1150/3000] loss=5.8059 ms/iter=98.7 image/s=1945.0 lr=7.13e-04
[step 1200/3000] loss=5.8057 ms/iter=104.1 image/s=1844.2 lr=6.88e-04
[step 1250/3000] loss=5.6957 ms/iter=98.8 image/s=1943.5 lr=6.63e-04
[step 1300/3000] loss=5.6317 ms/iter=98.5 image/s=1949.3 lr=6.37e-04
[step 1350/3000] loss=5.5877 ms/iter=98.2 image/s=1954.3 lr=6.11e-04
[step 1400/3000] loss=5.5877 ms/iter=98.6 image/s=1948.2 lr=5.85e-04
[step 1450/3000] loss=5.4818 ms/iter=98.7 image/s=1945.8 lr=5.59e-04
[step 1500/3000] loss=5.4818 ms/iter=98.3 image/s=1954.2 lr=5.32e-04
[step 1550/3000] loss=5.3782 ms/iter=98.0 image/s=1958.9 lr=5.05e-04
[step 1600/3000] loss=5.3785 ms/iter=98.9 image/s=1941.4 lr=4.78e-04
[step 1650/3000] loss=5.3029 ms/iter=102.4 image/s=1874.2 lr=4.51e-04
[step 1700/3000] loss=5.2775 ms/iter=98.4 image/s=1951.9 lr=4.25e-04
[step 1750/3000] loss=5.2772 ms/iter=96.3 image/s=1994.0 lr=3.99e-04
[step 1800/3000] loss=5.2040 ms/iter=95.8 image/s=2005.2 lr=3.73e-04
[step 1850/3000] loss=5.1798 ms/iter=96.4 image/s=1992.3 lr=3.47e-04
[step 1900/3000] loss=5.1798 ms/iter=93.8 image/s=2047.4 lr=3.22e-04
[step 1950/3000] loss=5.1798 ms/iter=93.7 image/s=2048.4 lr=2.97e-04
[step 2000/3000] loss=5.1093 ms/iter=91.8 image/s=2091.6 lr=2.73e-04
[step 2050/3000] loss=5.0860 ms/iter=90.6 image/s=2118.7 lr=2.50e-04
[step 2100/3000] loss=5.0860 ms/iter=94.4 image/s=2033.5 lr=2.27e-04
[step 2150/3000] loss=5.0861 ms/iter=94.4 image/s=2034.9 lr=2.05e-04
[step 2200/3000] loss=5.0860 ms/iter=93.9 image/s=2044.8 lr=1.85e-04
[step 2250/3000] loss=5.0860 ms/iter=93.2 image/s=2060.3 lr=1.65e-04
[step 2300/3000] loss=5.0185 ms/iter=94.3 image/s=2036.4 lr=1.46e-04
[step 2350/3000] loss=5.0185 ms/iter=93.6 image/s=2051.8 lr=1.28e-04
[step 2400/3000] loss=5.0165 ms/iter=93.1 image/s=2061.3 lr=1.11e-04
[step 2450/3000] loss=4.9962 ms/iter=93.4 image/s=2055.7 lr=9.53e-05
[step 2500/3000] loss=4.9962 ms/iter=93.5 image/s=2052.8 lr=8.09e-05
[step 2550/3000] loss=4.9962 ms/iter=127.7 image/s=1504.1 lr=6.77e-05
[step 2600/3000] loss=4.9962 ms/iter=119.6 image/s=1604.7 lr=5.58e-05
[step 2650/3000] loss=4.9962 ms/iter=118.6 image/s=1618.5 lr=4.52e-05
[step 2700/3000] loss=4.9962 ms/iter=119.7 image/s=1604.2 lr=3.59e-05
[step 2750/3000] loss=4.9962 ms/iter=117.9 image/s=1627.8 lr=2.80e-05
[step 2800/3000] loss=4.9962 ms/iter=119.1 image/s=1611.8 lr=2.16e-05
[step 2850/3000] loss=4.9962 ms/iter=118.7 image/s=1617.5 lr=1.65e-05
[step 2900/3000] loss=4.9962 ms/iter=112.2 image/s=1711.1 lr=1.29e-05
[step 2950/3000] loss=4.9962 ms/iter=110.3 image/s=1740.1 lr=1.07e-05
[step 3000/3000] loss=4.9962 ms/iter=121.1 image/s=1585.4 lr=1.00e-05
[done] total=418.8s steps=3000 steady_image_s=1636.7
[saved] /nas_train/app.e0031982/datasets/baize-vision/out/S4_openvision2_s42/vision.pt
===== S4 openvision2 seed=42 done (exit 0) =====
===== S4 openvision2 seed=7 =====
[run_train] tower=openvision2 steps=3000 out=/nas_train/app.e0031982/datasets/baize-vision/out/S4_openvision2_s7 extra=--data /nas_train/app.e0031982/datasets/baize-vision/en500k/*.tar --batch-size 32 --log-every 50 --seed 7

[model] openvision2 vision params=505.0M
[start] tower=openvision2 loss=siglip lr=0.001 bs=32 world=6 steps=3000 res=224 patch=16 seed=7 shards=5/rank
[step 50/3000] loss=7.7122 ms/iter=171.6 image/s=1119.0 lr=5.00e-04
[step 100/3000] loss=7.6119 ms/iter=95.2 image/s=2017.4 lr=1.00e-03
[step 150/3000] loss=7.4921 ms/iter=94.6 image/s=2029.7 lr=9.99e-04
[step 200/3000] loss=7.4613 ms/iter=96.5 image/s=1990.5 lr=9.97e-04
[step 250/3000] loss=7.3392 ms/iter=95.5 image/s=2010.4 lr=9.93e-04
[step 300/3000] loss=7.2173 ms/iter=96.5 image/s=1990.3 lr=9.88e-04
[step 350/3000] loss=7.1263 ms/iter=96.3 image/s=1993.8 lr=9.82e-04
[step 400/3000] loss=7.0052 ms/iter=96.5 image/s=1988.6 lr=9.74e-04
[step 450/3000] loss=6.9746 ms/iter=94.6 image/s=2028.7 lr=9.65e-04
[step 500/3000] loss=6.8541 ms/iter=97.4 image/s=1971.2 lr=9.54e-04
[step 550/3000] loss=6.7341 ms/iter=96.7 image/s=1986.0 lr=9.42e-04
[step 600/3000] loss=6.6448 ms/iter=97.7 image/s=1966.1 lr=9.29e-04
[step 650/3000] loss=6.6149 ms/iter=97.3 image/s=1973.9 lr=9.15e-04
[step 700/3000] loss=6.4964 ms/iter=94.7 image/s=2026.4 lr=8.99e-04
[step 750/3000] loss=6.4081 ms/iter=98.9 image/s=1940.4 lr=8.82e-04
[step 800/3000] loss=6.3784 ms/iter=97.1 image/s=1977.6 lr=8.64e-04
[step 850/3000] loss=6.2615 ms/iter=97.5 image/s=1969.8 lr=8.45e-04
[step 900/3000] loss=6.1747 ms/iter=97.6 image/s=1967.7 lr=8.25e-04
[step 950/3000] loss=6.1456 ms/iter=99.8 image/s=1923.3 lr=8.05e-04
[step 1000/3000] loss=6.0312 ms/iter=98.1 image/s=1957.7 lr=7.83e-04
[step 1050/3000] loss=5.9463 ms/iter=96.2 image/s=1995.0 lr=7.60e-04
[step 1100/3000] loss=5.9175 ms/iter=97.6 image/s=1966.9 lr=7.37e-04
[step 1150/3000] loss=5.8061 ms/iter=97.3 image/s=1974.1 lr=7.13e-04
[step 1200/3000] loss=5.8057 ms/iter=101.4 image/s=1893.2 lr=6.88e-04
[step 1250/3000] loss=5.6957 ms/iter=96.5 image/s=1989.3 lr=6.63e-04
[step 1300/3000] loss=5.6384 ms/iter=100.1 image/s=1918.1 lr=6.37e-04
[step 1350/3000] loss=5.5877 ms/iter=97.0 image/s=1978.7 lr=6.11e-04
[step 1400/3000] loss=5.5877 ms/iter=98.9 image/s=1941.8 lr=5.85e-04
[step 1450/3000] loss=5.4818 ms/iter=97.8 image/s=1963.3 lr=5.59e-04
[step 1500/3000] loss=5.4818 ms/iter=98.2 image/s=1955.5 lr=5.32e-04
[step 1550/3000] loss=5.3785 ms/iter=94.8 image/s=2026.3 lr=5.05e-04
[step 1600/3000] loss=5.3782 ms/iter=96.9 image/s=1981.4 lr=4.78e-04
[step 1650/3000] loss=5.3030 ms/iter=95.4 image/s=2013.2 lr=4.51e-04
[step 1700/3000] loss=5.2775 ms/iter=95.8 image/s=2005.0 lr=4.25e-04
[step 1750/3000] loss=5.2773 ms/iter=96.1 image/s=1997.0 lr=3.99e-04
[step 1800/3000] loss=5.2040 ms/iter=96.8 image/s=1983.8 lr=3.73e-04
[step 1850/3000] loss=5.1798 ms/iter=97.5 image/s=1969.7 lr=3.47e-04
[step 1900/3000] loss=5.1798 ms/iter=98.0 image/s=1958.3 lr=3.22e-04
[step 1950/3000] loss=5.1798 ms/iter=96.0 image/s=2001.0 lr=2.97e-04
[step 2000/3000] loss=5.1093 ms/iter=95.5 image/s=2011.3 lr=2.73e-04
[step 2050/3000] loss=5.0858 ms/iter=96.6 image/s=1988.0 lr=2.50e-04
[step 2100/3000] loss=5.0860 ms/iter=95.1 image/s=2019.9 lr=2.27e-04
[step 2150/3000] loss=5.0860 ms/iter=95.9 image/s=2001.4 lr=2.05e-04
[step 2200/3000] loss=5.0860 ms/iter=98.3 image/s=1953.6 lr=1.85e-04
[step 2250/3000] loss=5.0860 ms/iter=97.2 image/s=1976.3 lr=1.65e-04
[step 2300/3000] loss=5.0185 ms/iter=95.4 image/s=2012.3 lr=1.46e-04
[step 2350/3000] loss=5.0185 ms/iter=94.5 image/s=2030.9 lr=1.28e-04
[step 2400/3000] loss=5.0185 ms/iter=94.1 image/s=2040.4 lr=1.11e-04
[step 2450/3000] loss=4.9962 ms/iter=98.5 image/s=1950.0 lr=9.53e-05
[step 2500/3000] loss=4.9962 ms/iter=100.0 image/s=1920.0 lr=8.09e-05
[step 2550/3000] loss=4.9962 ms/iter=130.6 image/s=1469.8 lr=6.77e-05
[step 2600/3000] loss=4.9962 ms/iter=122.4 image/s=1568.2 lr=5.58e-05
[step 2650/3000] loss=4.9962 ms/iter=123.3 image/s=1557.6 lr=4.52e-05
[step 2700/3000] loss=4.9962 ms/iter=120.3 image/s=1596.5 lr=3.59e-05
[step 2750/3000] loss=4.9962 ms/iter=121.9 image/s=1574.9 lr=2.80e-05
[step 2800/3000] loss=4.9962 ms/iter=122.8 image/s=1563.4 lr=2.16e-05
[step 2850/3000] loss=4.9962 ms/iter=121.7 image/s=1577.5 lr=1.65e-05
[step 2900/3000] loss=4.9962 ms/iter=117.2 image/s=1638.1 lr=1.29e-05
[step 2950/3000] loss=4.9962 ms/iter=120.4 image/s=1594.0 lr=1.07e-05
[step 3000/3000] loss=4.9962 ms/iter=117.8 image/s=1630.2 lr=1.00e-05
[done] total=416.0s steps=3000 steady_image_s=1805.8
[saved] /nas_train/app.e0031982/datasets/baize-vision/out/S4_openvision2_s7/vision.pt
===== S4 openvision2 seed=7 done (exit 0) =====
===== S4 deepencoder_v2 seed=1234 =====
[run_train] tower=deepencoder_v2 steps=3000 out=/nas_train/app.e0031982/datasets/baize-vision/out/S4_deepencoder_v2_s1234 extra=--data /nas_train/app.e0031982/datasets/baize-vision/en500k/*.tar --batch-size 32 --log-every 50 --seed 1234

[model] deepencoder_v2 vision params=516.9M
[start] tower=deepencoder_v2 loss=siglip lr=0.001 bs=32 world=6 steps=3000 res=224 patch=16 seed=1234 shards=5/rank
[step 50/3000] loss=7.7080 ms/iter=223.8 image/s=857.9 lr=5.00e-04
[step 100/3000] loss=7.6109 ms/iter=138.3 image/s=1388.2 lr=1.00e-03
[step 150/3000] loss=7.4921 ms/iter=137.5 image/s=1396.6 lr=9.99e-04
[step 200/3000] loss=7.4613 ms/iter=137.3 image/s=1398.3 lr=9.97e-04
[step 250/3000] loss=7.3392 ms/iter=136.9 image/s=1402.9 lr=9.93e-04
[step 300/3000] loss=7.2173 ms/iter=135.5 image/s=1417.1 lr=9.88e-04
[step 350/3000] loss=7.1263 ms/iter=140.1 image/s=1370.1 lr=9.82e-04
[step 400/3000] loss=7.0089 ms/iter=134.5 image/s=1427.3 lr=9.74e-04
[step 450/3000] loss=6.9746 ms/iter=134.9 image/s=1423.8 lr=9.65e-04
[step 500/3000] loss=6.8541 ms/iter=134.3 image/s=1430.1 lr=9.54e-04
[step 550/3000] loss=6.7342 ms/iter=134.4 image/s=1429.0 lr=9.42e-04
[step 600/3000] loss=6.6448 ms/iter=135.9 image/s=1412.7 lr=9.29e-04
[step 650/3000] loss=6.6149 ms/iter=137.7 image/s=1394.4 lr=9.15e-04
[step 700/3000] loss=6.4963 ms/iter=135.9 image/s=1413.1 lr=8.99e-04
[step 750/3000] loss=6.4080 ms/iter=135.1 image/s=1421.1 lr=8.82e-04
[step 800/3000] loss=6.3783 ms/iter=136.0 image/s=1411.7 lr=8.64e-04
[step 850/3000] loss=6.2614 ms/iter=135.0 image/s=1422.6 lr=8.45e-04
[step 900/3000] loss=6.1457 ms/iter=135.9 image/s=1412.7 lr=8.25e-04
[step 950/3000] loss=6.1457 ms/iter=134.7 image/s=1425.0 lr=8.05e-04
[step 1000/3000] loss=6.0311 ms/iter=134.7 image/s=1425.2 lr=7.83e-04
[step 1050/3000] loss=5.9463 ms/iter=135.1 image/s=1421.4 lr=7.60e-04
[step 1100/3000] loss=5.9180 ms/iter=135.4 image/s=1417.6 lr=7.37e-04
[step 1150/3000] loss=5.8059 ms/iter=134.4 image/s=1428.7 lr=7.13e-04
[step 1200/3000] loss=5.8057 ms/iter=140.1 image/s=1370.7 lr=6.88e-04
[step 1250/3000] loss=5.6957 ms/iter=135.8 image/s=1413.9 lr=6.63e-04
[step 1300/3000] loss=5.6418 ms/iter=134.9 image/s=1423.0 lr=6.37e-04
[step 1350/3000] loss=5.5877 ms/iter=134.6 image/s=1426.9 lr=6.11e-04
[step 1400/3000] loss=5.5877 ms/iter=134.4 image/s=1428.3 lr=5.85e-04
[step 1450/3000] loss=5.4818 ms/iter=134.1 image/s=1431.4 lr=5.59e-04
[step 1500/3000] loss=5.4818 ms/iter=134.3 image/s=1429.7 lr=5.32e-04
[step 1550/3000] loss=5.3867 ms/iter=135.2 image/s=1420.1 lr=5.05e-04
[step 1600/3000] loss=5.3785 ms/iter=134.0 image/s=1432.8 lr=4.78e-04
[step 1650/3000] loss=5.3030 ms/iter=133.6 image/s=1437.0 lr=4.51e-04
[step 1700/3000] loss=5.2773 ms/iter=137.2 image/s=1399.4 lr=4.25e-04
[step 1750/3000] loss=5.2772 ms/iter=134.4 image/s=1428.2 lr=3.99e-04
[step 1800/3000] loss=5.2087 ms/iter=134.7 image/s=1425.2 lr=3.73e-04
[step 1850/3000] loss=5.1798 ms/iter=135.6 image/s=1415.6 lr=3.47e-04
[step 1900/3000] loss=5.1798 ms/iter=133.7 image/s=1436.4 lr=3.22e-04
[step 1950/3000] loss=5.1798 ms/iter=135.5 image/s=1416.7 lr=2.97e-04
[step 2000/3000] loss=5.1093 ms/iter=134.6 image/s=1426.5 lr=2.73e-04
[step 2050/3000] loss=5.1071 ms/iter=135.7 image/s=1415.1 lr=2.50e-04
[step 2100/3000] loss=5.0860 ms/iter=134.1 image/s=1431.3 lr=2.27e-04
[step 2150/3000] loss=5.0860 ms/iter=134.5 image/s=1427.0 lr=2.05e-04
[step 2200/3000] loss=5.0860 ms/iter=134.6 image/s=1426.9 lr=1.85e-04
[step 2250/3000] loss=5.0860 ms/iter=133.7 image/s=1436.4 lr=1.65e-04
[step 2300/3000] loss=5.0185 ms/iter=134.0 image/s=1433.3 lr=1.46e-04
[step 2350/3000] loss=5.0185 ms/iter=133.7 image/s=1436.4 lr=1.28e-04
[step 2400/3000] loss=4.9962 ms/iter=133.2 image/s=1441.1 lr=1.11e-04
[step 2450/3000] loss=4.9962 ms/iter=133.0 image/s=1443.6 lr=9.53e-05
[step 2500/3000] loss=4.9962 ms/iter=133.1 image/s=1442.3 lr=8.09e-05
[step 2550/3000] loss=4.9962 ms/iter=160.9 image/s=1193.6 lr=6.77e-05
[step 2600/3000] loss=4.9962 ms/iter=137.6 image/s=1395.4 lr=5.58e-05
[step 2650/3000] loss=4.9962 ms/iter=137.4 image/s=1396.9 lr=4.52e-05
[step 2700/3000] loss=4.9962 ms/iter=135.0 image/s=1422.7 lr=3.59e-05
[step 2750/3000] loss=4.9962 ms/iter=135.7 image/s=1415.3 lr=2.80e-05
[step 2800/3000] loss=4.9962 ms/iter=138.0 image/s=1391.4 lr=2.16e-05
[step 2850/3000] loss=4.9962 ms/iter=135.4 image/s=1418.5 lr=1.65e-05
[step 2900/3000] loss=4.9962 ms/iter=137.0 image/s=1401.6 lr=1.29e-05
[step 2950/3000] loss=4.9962 ms/iter=136.8 image/s=1403.0 lr=1.07e-05
[step 3000/3000] loss=4.9962 ms/iter=134.4 image/s=1429.1 lr=1.00e-05
[done] total=580.4s steps=3000 steady_image_s=1435.9
[saved] /nas_train/app.e0031982/datasets/baize-vision/out/S4_deepencoder_v2_s1234/vision.pt
===== S4 deepencoder_v2 seed=1234 done (exit 0) =====
===== S4 deepencoder_v2 seed=42 =====
[run_train] tower=deepencoder_v2 steps=3000 out=/nas_train/app.e0031982/datasets/baize-vision/out/S4_deepencoder_v2_s42 extra=--data /nas_train/app.e0031982/datasets/baize-vision/en500k/*.tar --batch-size 32 --log-every 50 --seed 42

[model] deepencoder_v2 vision params=516.9M
[start] tower=deepencoder_v2 loss=siglip lr=0.001 bs=32 world=6 steps=3000 res=224 patch=16 seed=42 shards=5/rank
[step 50/3000] loss=7.7079 ms/iter=244.8 image/s=784.2 lr=5.00e-04
[step 100/3000] loss=7.6070 ms/iter=136.6 image/s=1405.9 lr=1.00e-03
[step 150/3000] loss=7.4920 ms/iter=136.9 image/s=1403.0 lr=9.99e-04
[step 200/3000] loss=7.4613 ms/iter=136.9 image/s=1402.2 lr=9.97e-04
[step 250/3000] loss=7.3392 ms/iter=135.6 image/s=1415.7 lr=9.93e-04
[step 300/3000] loss=7.2173 ms/iter=135.4 image/s=1417.6 lr=9.88e-04
[step 350/3000] loss=7.1262 ms/iter=139.7 image/s=1374.4 lr=9.82e-04
[step 400/3000] loss=7.0053 ms/iter=135.4 image/s=1418.0 lr=9.74e-04
[step 450/3000] loss=6.9746 ms/iter=135.1 image/s=1421.2 lr=9.65e-04
[step 500/3000] loss=6.8541 ms/iter=134.3 image/s=1429.2 lr=9.54e-04
[step 550/3000] loss=6.7343 ms/iter=134.1 image/s=1432.1 lr=9.42e-04
[step 600/3000] loss=6.6448 ms/iter=135.3 image/s=1419.2 lr=9.29e-04
[step 650/3000] loss=6.6148 ms/iter=133.3 image/s=1440.4 lr=9.15e-04
[step 700/3000] loss=6.4963 ms/iter=132.5 image/s=1448.9 lr=8.99e-04
[step 750/3000] loss=6.4079 ms/iter=130.8 image/s=1467.4 lr=8.82e-04
[step 800/3000] loss=6.3782 ms/iter=131.5 image/s=1459.6 lr=8.64e-04
[step 850/3000] loss=6.2614 ms/iter=131.7 image/s=1458.0 lr=8.45e-04
[step 900/3000] loss=6.1457 ms/iter=131.9 image/s=1456.1 lr=8.25e-04
[step 950/3000] loss=6.1457 ms/iter=131.8 image/s=1456.5 lr=8.05e-04
[step 1000/3000] loss=6.0312 ms/iter=131.0 image/s=1466.2 lr=7.83e-04
[step 1050/3000] loss=5.9462 ms/iter=131.8 image/s=1456.3 lr=7.60e-04
[step 1100/3000] loss=5.9180 ms/iter=131.6 image/s=1458.7 lr=7.37e-04
[step 1150/3000] loss=5.8061 ms/iter=132.3 image/s=1451.3 lr=7.13e-04
[step 1200/3000] loss=5.8058 ms/iter=135.8 image/s=1413.6 lr=6.88e-04
[step 1250/3000] loss=5.6957 ms/iter=131.8 image/s=1456.7 lr=6.63e-04
[step 1300/3000] loss=5.6418 ms/iter=132.3 image/s=1451.8 lr=6.37e-04
[step 1350/3000] loss=5.5877 ms/iter=131.4 image/s=1461.5 lr=6.11e-04
[step 1400/3000] loss=5.5877 ms/iter=131.4 image/s=1460.6 lr=5.85e-04
[step 1450/3000] loss=5.4818 ms/iter=132.2 image/s=1452.3 lr=5.59e-04
[step 1500/3000] loss=5.4818 ms/iter=132.6 image/s=1448.0 lr=5.32e-04
[step 1550/3000] loss=5.3785 ms/iter=131.7 image/s=1457.4 lr=5.05e-04
[step 1600/3000] loss=5.3784 ms/iter=131.5 image/s=1460.5 lr=4.78e-04
[step 1650/3000] loss=5.3030 ms/iter=132.4 image/s=1449.7 lr=4.51e-04
[step 1700/3000] loss=5.2772 ms/iter=135.1 image/s=1421.0 lr=4.25e-04
[step 1750/3000] loss=5.2772 ms/iter=134.4 image/s=1428.5 lr=3.99e-04
[step 1800/3000] loss=5.2040 ms/iter=135.8 image/s=1414.0 lr=3.73e-04
[step 1850/3000] loss=5.1798 ms/iter=134.1 image/s=1432.1 lr=3.47e-04
[step 1900/3000] loss=5.1798 ms/iter=133.9 image/s=1433.8 lr=3.22e-04
[step 1950/3000] loss=5.1798 ms/iter=133.2 image/s=1441.6 lr=2.97e-04
[step 2000/3000] loss=5.1093 ms/iter=134.0 image/s=1433.2 lr=2.73e-04
[step 2050/3000] loss=5.0860 ms/iter=133.8 image/s=1434.5 lr=2.50e-04
[step 2100/3000] loss=5.0860 ms/iter=133.7 image/s=1436.3 lr=2.27e-04
[step 2150/3000] loss=5.0860 ms/iter=133.9 image/s=1433.4 lr=2.05e-04
[step 2200/3000] loss=5.0860 ms/iter=133.6 image/s=1437.2 lr=1.85e-04
[step 2250/3000] loss=5.0860 ms/iter=133.4 image/s=1439.0 lr=1.65e-04
[step 2300/3000] loss=5.0185 ms/iter=133.8 image/s=1435.2 lr=1.46e-04
[step 2350/3000] loss=5.0185 ms/iter=134.4 image/s=1429.0 lr=1.28e-04
[step 2400/3000] loss=5.0030 ms/iter=133.3 image/s=1440.3 lr=1.11e-04
[step 2450/3000] loss=4.9962 ms/iter=134.3 image/s=1430.1 lr=9.53e-05
[step 2500/3000] loss=4.9962 ms/iter=133.1 image/s=1442.0 lr=8.09e-05
[step 2550/3000] loss=4.9962 ms/iter=156.1 image/s=1229.6 lr=6.77e-05
[step 2600/3000] loss=4.9962 ms/iter=134.7 image/s=1425.6 lr=5.58e-05
[step 2650/3000] loss=4.9962 ms/iter=133.4 image/s=1439.5 lr=4.52e-05
[step 2700/3000] loss=4.9962 ms/iter=134.7 image/s=1425.7 lr=3.59e-05
[step 2750/3000] loss=4.9962 ms/iter=133.0 image/s=1443.6 lr=2.80e-05
[step 2800/3000] loss=4.9962 ms/iter=133.9 image/s=1434.3 lr=2.16e-05
[step 2850/3000] loss=4.9962 ms/iter=135.5 image/s=1417.5 lr=1.65e-05
[step 2900/3000] loss=4.9962 ms/iter=134.9 image/s=1423.7 lr=1.29e-05
[step 2950/3000] loss=4.9961 ms/iter=134.4 image/s=1428.8 lr=1.07e-05
[step 3000/3000] loss=4.9962 ms/iter=133.3 image/s=1440.1 lr=1.00e-05
[done] total=577.1s steps=3000 steady_image_s=1437.7
[saved] /nas_train/app.e0031982/datasets/baize-vision/out/S4_deepencoder_v2_s42/vision.pt
===== S4 deepencoder_v2 seed=42 done (exit 0) =====
===== S4 deepencoder_v2 seed=7 =====
[run_train] tower=deepencoder_v2 steps=3000 out=/nas_train/app.e0031982/datasets/baize-vision/out/S4_deepencoder_v2_s7 extra=--data /nas_train/app.e0031982/datasets/baize-vision/en500k/*.tar --batch-size 32 --log-every 50 --seed 7

[model] deepencoder_v2 vision params=516.9M
[start] tower=deepencoder_v2 loss=siglip lr=0.001 bs=32 world=6 steps=3000 res=224 patch=16 seed=7 shards=5/rank
[step 50/3000] loss=7.7094 ms/iter=233.6 image/s=822.0 lr=5.00e-04
[step 100/3000] loss=7.6128 ms/iter=136.9 image/s=1403.0 lr=1.00e-03
[step 150/3000] loss=7.4921 ms/iter=136.7 image/s=1405.0 lr=9.99e-04
[step 200/3000] loss=7.4613 ms/iter=136.2 image/s=1409.3 lr=9.97e-04
[step 250/3000] loss=7.3392 ms/iter=135.9 image/s=1412.9 lr=9.93e-04
[step 300/3000] loss=7.2173 ms/iter=135.2 image/s=1420.2 lr=9.88e-04
[step 350/3000] loss=7.1262 ms/iter=140.7 image/s=1365.0 lr=9.82e-04
[step 400/3000] loss=7.0355 ms/iter=134.8 image/s=1424.2 lr=9.74e-04
[step 450/3000] loss=6.9747 ms/iter=135.1 image/s=1420.8 lr=9.65e-04
[step 500/3000] loss=6.8541 ms/iter=135.7 image/s=1414.8 lr=9.54e-04
[step 550/3000] loss=6.7343 ms/iter=134.1 image/s=1431.3 lr=9.42e-04
[step 600/3000] loss=6.6448 ms/iter=135.0 image/s=1421.8 lr=9.29e-04
[step 650/3000] loss=6.6149 ms/iter=135.2 image/s=1420.5 lr=9.15e-04
[step 700/3000] loss=6.4964 ms/iter=135.9 image/s=1412.6 lr=8.99e-04
[step 750/3000] loss=6.4080 ms/iter=135.6 image/s=1416.3 lr=8.82e-04
[step 800/3000] loss=6.3782 ms/iter=135.8 image/s=1414.0 lr=8.64e-04
[step 850/3000] loss=6.2615 ms/iter=136.4 image/s=1408.1 lr=8.45e-04
[step 900/3000] loss=6.1457 ms/iter=136.9 image/s=1402.3 lr=8.25e-04
[step 950/3000] loss=6.1457 ms/iter=136.7 image/s=1404.8 lr=8.05e-04
[step 1000/3000] loss=6.0312 ms/iter=137.7 image/s=1394.7 lr=7.83e-04
[step 1050/3000] loss=5.9462 ms/iter=135.4 image/s=1418.1 lr=7.60e-04
[step 1100/3000] loss=5.9178 ms/iter=134.6 image/s=1426.8 lr=7.37e-04
[step 1150/3000] loss=5.8060 ms/iter=137.2 image/s=1399.1 lr=7.13e-04
[step 1200/3000] loss=5.8058 ms/iter=143.1 image/s=1341.5 lr=6.88e-04
[step 1250/3000] loss=5.6957 ms/iter=138.8 image/s=1383.0 lr=6.63e-04
[step 1300/3000] loss=5.6419 ms/iter=135.1 image/s=1421.3 lr=6.37e-04
[step 1350/3000] loss=5.5877 ms/iter=138.4 image/s=1387.4 lr=6.11e-04
[step 1400/3000] loss=5.5877 ms/iter=138.2 image/s=1389.5 lr=5.85e-04
[step 1450/3000] loss=5.4818 ms/iter=136.1 image/s=1411.1 lr=5.59e-04
[step 1500/3000] loss=5.4818 ms/iter=136.8 image/s=1403.1 lr=5.32e-04
[step 1550/3000] loss=5.3785 ms/iter=136.8 image/s=1404.0 lr=5.05e-04
[step 1600/3000] loss=5.3783 ms/iter=136.4 image/s=1407.4 lr=4.78e-04
[step 1650/3000] loss=5.3030 ms/iter=135.4 image/s=1417.7 lr=4.51e-04
[step 1700/3000] loss=5.2773 ms/iter=140.7 image/s=1364.6 lr=4.25e-04
[step 1750/3000] loss=5.2772 ms/iter=136.8 image/s=1404.0 lr=3.99e-04
[step 1800/3000] loss=5.2040 ms/iter=135.4 image/s=1418.2 lr=3.73e-04
[step 1850/3000] loss=5.1799 ms/iter=137.0 image/s=1401.3 lr=3.47e-04
[step 1900/3000] loss=5.1798 ms/iter=136.3 image/s=1408.7 lr=3.22e-04
[step 1950/3000] loss=5.1798 ms/iter=135.8 image/s=1413.6 lr=2.97e-04
[step 2000/3000] loss=5.1093 ms/iter=136.0 image/s=1411.9 lr=2.73e-04
[step 2050/3000] loss=5.0860 ms/iter=134.4 image/s=1429.0 lr=2.50e-04
[step 2100/3000] loss=5.0860 ms/iter=135.5 image/s=1416.6 lr=2.27e-04
[step 2150/3000] loss=5.0860 ms/iter=134.7 image/s=1425.3 lr=2.05e-04
[step 2200/3000] loss=5.0860 ms/iter=134.2 image/s=1430.7 lr=1.85e-04
[step 2250/3000] loss=5.0860 ms/iter=134.1 image/s=1431.3 lr=1.65e-04
[step 2300/3000] loss=5.0185 ms/iter=135.6 image/s=1415.7 lr=1.46e-04
[step 2350/3000] loss=5.0185 ms/iter=136.0 image/s=1412.0 lr=1.28e-04
[step 2400/3000] loss=5.0185 ms/iter=133.5 image/s=1438.0 lr=1.11e-04
[step 2450/3000] loss=4.9962 ms/iter=135.5 image/s=1417.3 lr=9.53e-05
[step 2500/3000] loss=4.9962 ms/iter=134.9 image/s=1423.5 lr=8.09e-05
[step 2550/3000] loss=4.9962 ms/iter=155.8 image/s=1232.6 lr=6.77e-05
[step 2600/3000] loss=4.9962 ms/iter=133.4 image/s=1439.3 lr=5.58e-05
[step 2650/3000] loss=4.9962 ms/iter=136.3 image/s=1409.1 lr=4.52e-05
[step 2700/3000] loss=4.9962 ms/iter=135.6 image/s=1416.4 lr=3.59e-05
[step 2750/3000] loss=4.9962 ms/iter=134.3 image/s=1429.7 lr=2.80e-05
[step 2800/3000] loss=4.9962 ms/iter=134.1 image/s=1431.6 lr=2.16e-05
[step 2850/3000] loss=4.9962 ms/iter=133.6 image/s=1436.7 lr=1.65e-05
[step 2900/3000] loss=4.9962 ms/iter=135.0 image/s=1422.6 lr=1.29e-05
[step 2950/3000] loss=4.9962 ms/iter=135.1 image/s=1421.4 lr=1.07e-05
[step 3000/3000] loss=4.9962 ms/iter=134.4 image/s=1428.8 lr=1.00e-05
[done] total=582.4s steps=3000 steady_image_s=1439.9
[saved] /nas_train/app.e0031982/datasets/baize-vision/out/S4_deepencoder_v2_s7/vision.pt
===== S4 deepencoder_v2 seed=7 done (exit 0) =====
===== S4 ALL DONE =====
===== S4 done 2026-09-30 15:14:31 =====
===== S5 retrieval (top-2 full ckpts) 2026-09-30 15:14:31 =====
===== S5 openvision2 (/nas_train/app.e0031982/datasets/baize-vision/out/S4_openvision2_s1234/vision.pt) =====
[S5] tower=openvision2 ckpt=/nas_train/app.e0031982/datasets/baize-vision/out/S4_openvision2_s1234/vision.pt has_text=True cfg={'tower': 'openvision2', 'resolution': 224, 'patch': 16, 'steps': 3000, 'loss': 'siglip'}
[S5] eval pairs = 5000
[S5] text->image R@1/5/10 = 0.0000 / 0.0012 / 0.0020
[S5] image->text R@1/5/10 = 0.0000 / 0.0008 / 0.0020
[S5] DONE
===== S5 openvision2 done ===== 
===== S5 deepencoder_v2 (/nas_train/app.e0031982/datasets/baize-vision/out/S4_deepencoder_v2_s1234/vision.pt) =====
[S5] tower=deepencoder_v2 ckpt=/nas_train/app.e0031982/datasets/baize-vision/out/S4_deepencoder_v2_s1234/vision.pt has_text=True cfg={'tower': 'deepencoder_v2', 'resolution': 224, 'patch': 16, 'steps': 3000, 'loss': 'siglip'}
[S5] eval pairs = 5000
[S5] text->image R@1/5/10 = 0.0002 / 0.0010 / 0.0020
[S5] image->text R@1/5/10 = 0.0002 / 0.0008 / 0.0016
[S5] DONE
===== S5 deepencoder_v2 done ===== 
===== S5 ALL DONE =====
===== S5 done 2026-09-30 15:17:29 =====
===== S6 resolution/patch 2026-09-30 15:17:29 =====
===== S6 openvision2 res=336 patch=16 =====
[run_train] tower=openvision2 steps=3000 out=/nas_train/app.e0031982/datasets/baize-vision/out/S6_ov2_r336_p16 extra=--data /nas_train/app.e0031982/datasets/baize-vision/en500k/*.tar --batch-size 32 --log-every 50 --resolution 336 --patch 16

[model] openvision2 vision params=505.2M
[start] tower=openvision2 loss=siglip lr=0.001 bs=32 world=6 steps=3000 res=336 patch=16 seed=1234 shards=5/rank
[step 50/3000] loss=7.7114 ms/iter=244.5 image/s=785.4 lr=5.00e-04
[step 100/3000] loss=7.6147 ms/iter=113.7 image/s=1688.5 lr=1.00e-03
[step 150/3000] loss=7.4920 ms/iter=114.3 image/s=1679.5 lr=9.99e-04
[step 200/3000] loss=7.4613 ms/iter=113.7 image/s=1688.1 lr=9.97e-04
[step 250/3000] loss=7.3392 ms/iter=113.8 image/s=1687.4 lr=9.93e-04
[step 300/3000] loss=7.2173 ms/iter=113.8 image/s=1686.8 lr=9.88e-04
[step 350/3000] loss=7.1263 ms/iter=114.0 image/s=1683.9 lr=9.82e-04
[step 400/3000] loss=7.0355 ms/iter=113.8 image/s=1686.6 lr=9.74e-04
[step 450/3000] loss=6.9746 ms/iter=113.9 image/s=1685.6 lr=9.65e-04
[step 500/3000] loss=6.8541 ms/iter=113.9 image/s=1686.1 lr=9.54e-04
[step 550/3000] loss=6.7342 ms/iter=114.2 image/s=1680.9 lr=9.42e-04
[step 600/3000] loss=6.6448 ms/iter=114.1 image/s=1682.3 lr=9.29e-04
[step 650/3000] loss=6.6149 ms/iter=113.9 image/s=1686.4 lr=9.15e-04
[step 700/3000] loss=6.4963 ms/iter=113.9 image/s=1685.2 lr=8.99e-04
[step 750/3000] loss=6.4079 ms/iter=114.0 image/s=1684.0 lr=8.82e-04
[step 800/3000] loss=6.3782 ms/iter=114.6 image/s=1675.5 lr=8.64e-04
[step 850/3000] loss=6.2614 ms/iter=113.9 image/s=1685.8 lr=8.45e-04
[step 900/3000] loss=6.1467 ms/iter=113.9 image/s=1686.2 lr=8.25e-04
[step 950/3000] loss=6.1457 ms/iter=113.9 image/s=1685.6 lr=8.05e-04
[step 1000/3000] loss=6.0311 ms/iter=113.9 image/s=1685.9 lr=7.83e-04
[step 1050/3000] loss=5.9463 ms/iter=113.9 image/s=1685.2 lr=7.60e-04
[step 1100/3000] loss=5.9178 ms/iter=114.0 image/s=1684.6 lr=7.37e-04
[step 1150/3000] loss=5.8058 ms/iter=114.0 image/s=1684.1 lr=7.13e-04
[step 1200/3000] loss=5.8057 ms/iter=123.3 image/s=1557.4 lr=6.88e-04
[step 1250/3000] loss=5.6957 ms/iter=114.0 image/s=1684.8 lr=6.63e-04
[step 1300/3000] loss=5.6419 ms/iter=113.9 image/s=1685.5 lr=6.37e-04
[step 1350/3000] loss=5.5877 ms/iter=113.9 image/s=1685.2 lr=6.11e-04
[step 1400/3000] loss=5.5877 ms/iter=113.9 image/s=1686.0 lr=5.85e-04
[step 1450/3000] loss=5.4818 ms/iter=114.0 image/s=1684.0 lr=5.59e-04
[step 1500/3000] loss=5.4818 ms/iter=113.9 image/s=1685.9 lr=5.32e-04
[step 1550/3000] loss=5.3901 ms/iter=113.9 image/s=1685.8 lr=5.05e-04
[step 1600/3000] loss=5.3783 ms/iter=114.0 image/s=1683.6 lr=4.78e-04
[step 1650/3000] loss=5.3030 ms/iter=113.9 image/s=1685.8 lr=4.51e-04
[step 1700/3000] loss=5.2775 ms/iter=114.0 image/s=1684.7 lr=4.25e-04
[step 1750/3000] loss=5.2773 ms/iter=113.9 image/s=1685.5 lr=3.99e-04
[step 1800/3000] loss=5.2040 ms/iter=114.3 image/s=1679.9 lr=3.73e-04
[step 1850/3000] loss=5.1798 ms/iter=113.9 image/s=1686.0 lr=3.47e-04
[step 1900/3000] loss=5.1798 ms/iter=114.1 image/s=1682.4 lr=3.22e-04
[step 1950/3000] loss=5.1798 ms/iter=114.0 image/s=1684.8 lr=2.97e-04
[step 2000/3000] loss=5.1093 ms/iter=114.2 image/s=1680.9 lr=2.73e-04
[step 2050/3000] loss=5.0896 ms/iter=113.8 image/s=1686.6 lr=2.50e-04
[step 2100/3000] loss=5.0860 ms/iter=114.0 image/s=1684.3 lr=2.27e-04
[step 2150/3000] loss=5.0860 ms/iter=113.9 image/s=1685.1 lr=2.05e-04
[step 2200/3000] loss=5.0860 ms/iter=113.9 image/s=1685.0 lr=1.85e-04
[step 2250/3000] loss=5.0860 ms/iter=114.3 image/s=1679.7 lr=1.65e-04
[step 2300/3000] loss=5.0185 ms/iter=114.2 image/s=1681.6 lr=1.46e-04
[step 2350/3000] loss=5.0185 ms/iter=114.0 image/s=1684.8 lr=1.28e-04
[step 2400/3000] loss=5.0185 ms/iter=113.9 image/s=1685.0 lr=1.11e-04
[step 2450/3000] loss=4.9962 ms/iter=114.0 image/s=1684.2 lr=9.53e-05
[step 2500/3000] loss=4.9962 ms/iter=113.9 image/s=1686.2 lr=8.09e-05
[step 2550/3000] loss=4.9962 ms/iter=131.3 image/s=1462.7 lr=6.77e-05
[step 2600/3000] loss=4.9962 ms/iter=119.5 image/s=1607.0 lr=5.58e-05
[step 2650/3000] loss=4.9962 ms/iter=120.4 image/s=1594.4 lr=4.52e-05
[step 2700/3000] loss=4.9962 ms/iter=119.3 image/s=1609.5 lr=3.59e-05
[step 2750/3000] loss=4.9962 ms/iter=119.2 image/s=1611.3 lr=2.80e-05
[step 2800/3000] loss=4.9962 ms/iter=121.0 image/s=1587.2 lr=2.16e-05
[step 2850/3000] loss=4.9962 ms/iter=119.5 image/s=1607.0 lr=1.65e-05
[step 2900/3000] loss=4.9962 ms/iter=119.9 image/s=1601.0 lr=1.29e-05
[step 2950/3000] loss=4.9962 ms/iter=122.6 image/s=1565.8 lr=1.07e-05
[step 3000/3000] loss=4.9962 ms/iter=123.3 image/s=1557.3 lr=1.00e-05
[done] total=601.6s steps=3000 steady_image_s=1630.1
[saved] /nas_train/app.e0031982/datasets/baize-vision/out/S6_ov2_r336_p16/vision.pt
===== S6 ov2 r336 p16 done (exit 0) =====
===== S6 openvision2 res=448 patch=16 =====
[run_train] tower=openvision2 steps=3000 out=/nas_train/app.e0031982/datasets/baize-vision/out/S6_ov2_r448_p16 extra=--data /nas_train/app.e0031982/datasets/baize-vision/en500k/*.tar --batch-size 32 --log-every 50 --resolution 448 --patch 16

[model] openvision2 vision params=505.6M
[start] tower=openvision2 loss=siglip lr=0.001 bs=32 world=6 steps=3000 res=448 patch=16 seed=1234 shards=5/rank
[step 50/3000] loss=7.7113 ms/iter=401.4 image/s=478.3 lr=5.00e-04
[step 100/3000] loss=7.6033 ms/iter=199.5 image/s=962.4 lr=1.00e-03
[step 150/3000] loss=7.4922 ms/iter=199.4 image/s=963.0 lr=9.99e-04
[step 200/3000] loss=7.4613 ms/iter=198.5 image/s=967.3 lr=9.97e-04
[step 250/3000] loss=7.3392 ms/iter=197.8 image/s=970.9 lr=9.93e-04
[step 300/3000] loss=7.2173 ms/iter=199.3 image/s=963.4 lr=9.88e-04
[step 350/3000] loss=7.1263 ms/iter=200.5 image/s=957.7 lr=9.82e-04
[step 400/3000] loss=7.0355 ms/iter=201.0 image/s=955.4 lr=9.74e-04
[step 450/3000] loss=6.9746 ms/iter=200.8 image/s=956.2 lr=9.65e-04
[step 500/3000] loss=6.8541 ms/iter=200.8 image/s=956.1 lr=9.54e-04
[step 550/3000] loss=6.7342 ms/iter=200.4 image/s=958.3 lr=9.42e-04
[step 600/3000] loss=6.6448 ms/iter=200.3 image/s=958.6 lr=9.29e-04
[step 650/3000] loss=6.6149 ms/iter=200.4 image/s=958.1 lr=9.15e-04
[step 700/3000] loss=6.4964 ms/iter=199.7 image/s=961.3 lr=8.99e-04
[step 750/3000] loss=6.4079 ms/iter=199.2 image/s=963.7 lr=8.82e-04
[step 800/3000] loss=6.3784 ms/iter=199.1 image/s=964.5 lr=8.64e-04
[step 850/3000] loss=6.2614 ms/iter=199.6 image/s=961.9 lr=8.45e-04
[step 900/3000] loss=6.1457 ms/iter=199.2 image/s=963.7 lr=8.25e-04
[step 950/3000] loss=6.1457 ms/iter=199.0 image/s=964.9 lr=8.05e-04
[step 1000/3000] loss=6.0312 ms/iter=198.8 image/s=965.6 lr=7.83e-04
[step 1050/3000] loss=5.9462 ms/iter=199.0 image/s=964.6 lr=7.60e-04
[step 1100/3000] loss=5.9176 ms/iter=198.9 image/s=965.3 lr=7.37e-04
[step 1150/3000] loss=5.8059 ms/iter=198.4 image/s=967.6 lr=7.13e-04
[step 1200/3000] loss=5.8058 ms/iter=205.6 image/s=933.9 lr=6.88e-04
[step 1250/3000] loss=5.6957 ms/iter=198.4 image/s=968.0 lr=6.63e-04
[step 1300/3000] loss=5.6368 ms/iter=198.3 image/s=968.4 lr=6.37e-04
[step 1350/3000] loss=5.5877 ms/iter=198.2 image/s=968.9 lr=6.11e-04
[step 1400/3000] loss=5.5877 ms/iter=199.2 image/s=963.9 lr=5.85e-04
[step 1450/3000] loss=5.4818 ms/iter=199.4 image/s=962.8 lr=5.59e-04
[step 1500/3000] loss=5.4818 ms/iter=199.7 image/s=961.3 lr=5.32e-04
[step 1550/3000] loss=5.3785 ms/iter=199.0 image/s=964.6 lr=5.05e-04
[step 1600/3000] loss=5.3784 ms/iter=198.2 image/s=968.9 lr=4.78e-04
[step 1650/3000] loss=5.3030 ms/iter=198.5 image/s=967.2 lr=4.51e-04
[step 1700/3000] loss=5.2775 ms/iter=198.2 image/s=968.6 lr=4.25e-04
[step 1750/3000] loss=5.2772 ms/iter=198.1 image/s=969.4 lr=3.99e-04
[step 1800/3000] loss=5.2040 ms/iter=198.4 image/s=967.5 lr=3.73e-04
[step 1850/3000] loss=5.1798 ms/iter=198.2 image/s=968.9 lr=3.47e-04
[step 1900/3000] loss=5.1798 ms/iter=198.7 image/s=966.4 lr=3.22e-04
[step 1950/3000] loss=5.1798 ms/iter=199.5 image/s=962.5 lr=2.97e-04
[step 2000/3000] loss=5.1093 ms/iter=199.8 image/s=961.0 lr=2.73e-04
[step 2050/3000] loss=5.0860 ms/iter=198.0 image/s=969.5 lr=2.50e-04
[step 2100/3000] loss=5.0860 ms/iter=198.1 image/s=969.1 lr=2.27e-04
[step 2150/3000] loss=5.0860 ms/iter=198.0 image/s=969.7 lr=2.05e-04
[step 2200/3000] loss=5.0860 ms/iter=198.3 image/s=968.0 lr=1.85e-04
[step 2250/3000] loss=5.0860 ms/iter=198.9 image/s=965.2 lr=1.65e-04
[step 2300/3000] loss=5.0185 ms/iter=198.4 image/s=967.7 lr=1.46e-04
[step 2350/3000] loss=5.0185 ms/iter=198.4 image/s=967.7 lr=1.28e-04
[step 2400/3000] loss=5.0185 ms/iter=198.3 image/s=968.1 lr=1.11e-04
[step 2450/3000] loss=4.9962 ms/iter=198.3 image/s=968.2 lr=9.53e-05
[step 2500/3000] loss=4.9962 ms/iter=199.0 image/s=965.0 lr=8.09e-05
[step 2550/3000] loss=4.9962 ms/iter=217.3 image/s=883.4 lr=6.77e-05
[step 2600/3000] loss=4.9962 ms/iter=199.8 image/s=960.8 lr=5.58e-05
[step 2650/3000] loss=4.9962 ms/iter=200.3 image/s=958.7 lr=4.52e-05
[step 2700/3000] loss=4.9962 ms/iter=200.4 image/s=957.9 lr=3.59e-05
[step 2750/3000] loss=4.9962 ms/iter=200.1 image/s=959.5 lr=2.80e-05
[step 2800/3000] loss=4.9962 ms/iter=199.7 image/s=961.6 lr=2.16e-05
[step 2850/3000] loss=4.9962 ms/iter=199.4 image/s=962.9 lr=1.65e-05
[step 2900/3000] loss=4.9962 ms/iter=198.9 image/s=965.4 lr=1.29e-05
[step 2950/3000] loss=4.9962 ms/iter=202.7 image/s=947.1 lr=1.07e-05
[step 3000/3000] loss=4.9962 ms/iter=202.0 image/s=950.5 lr=1.00e-05
[done] total=997.7s steps=3000 steady_image_s=960.4
[saved] /nas_train/app.e0031982/datasets/baize-vision/out/S6_ov2_r448_p16/vision.pt
===== S6 ov2 r448 p16 done (exit 0) =====
===== S6 openvision2 res=224 patch=14 =====
[run_train] tower=openvision2 steps=3000 out=/nas_train/app.e0031982/datasets/baize-vision/out/S6_ov2_r224_p14 extra=--data /nas_train/app.e0031982/datasets/baize-vision/en500k/*.tar --batch-size 32 --log-every 50 --resolution 224 --patch 14

[model] openvision2 vision params=504.8M
[start] tower=openvision2 loss=siglip lr=0.001 bs=32 world=6 steps=3000 res=224 patch=14 seed=1234 shards=5/rank
[step 50/3000] loss=7.7111 ms/iter=209.8 image/s=915.3 lr=5.00e-04
[step 100/3000] loss=7.6003 ms/iter=90.8 image/s=2113.8 lr=1.00e-03
[step 150/3000] loss=7.4921 ms/iter=89.6 image/s=2144.0 lr=9.99e-04
[step 200/3000] loss=7.4613 ms/iter=89.0 image/s=2156.6 lr=9.97e-04
[step 250/3000] loss=7.3392 ms/iter=89.4 image/s=2147.1 lr=9.93e-04
[step 300/3000] loss=7.2173 ms/iter=89.9 image/s=2135.9 lr=9.88e-04
[step 350/3000] loss=7.1262 ms/iter=88.6 image/s=2166.5 lr=9.82e-04
[step 400/3000] loss=7.0166 ms/iter=88.8 image/s=2161.1 lr=9.74e-04
[step 450/3000] loss=6.9746 ms/iter=83.7 image/s=2294.6 lr=9.65e-04
[step 500/3000] loss=6.8541 ms/iter=90.4 image/s=2124.2 lr=9.54e-04
[step 550/3000] loss=6.7342 ms/iter=89.7 image/s=2140.2 lr=9.42e-04
[step 600/3000] loss=6.6448 ms/iter=90.6 image/s=2118.9 lr=9.29e-04
[step 650/3000] loss=6.6149 ms/iter=89.3 image/s=2150.6 lr=9.15e-04
[step 700/3000] loss=6.4964 ms/iter=89.3 image/s=2148.9 lr=8.99e-04
[step 750/3000] loss=6.4081 ms/iter=89.6 image/s=2142.9 lr=8.82e-04
[step 800/3000] loss=6.3782 ms/iter=90.1 image/s=2130.7 lr=8.64e-04
[step 850/3000] loss=6.2614 ms/iter=88.2 image/s=2178.0 lr=8.45e-04
[step 900/3000] loss=6.1457 ms/iter=89.6 image/s=2142.9 lr=8.25e-04
[step 950/3000] loss=6.1457 ms/iter=89.9 image/s=2134.7 lr=8.05e-04
[step 1000/3000] loss=6.0312 ms/iter=90.2 image/s=2127.7 lr=7.83e-04
[step 1050/3000] loss=5.9463 ms/iter=90.7 image/s=2116.9 lr=7.60e-04
[step 1100/3000] loss=5.9178 ms/iter=89.4 image/s=2146.5 lr=7.37e-04
[step 1150/3000] loss=5.8060 ms/iter=88.7 image/s=2163.6 lr=7.13e-04
[step 1200/3000] loss=5.8057 ms/iter=94.0 image/s=2042.1 lr=6.88e-04
[step 1250/3000] loss=5.6957 ms/iter=90.1 image/s=2130.2 lr=6.63e-04
[step 1300/3000] loss=5.6399 ms/iter=88.4 image/s=2172.0 lr=6.37e-04
[step 1350/3000] loss=5.5877 ms/iter=90.3 image/s=2126.8 lr=6.11e-04
[step 1400/3000] loss=5.5877 ms/iter=89.9 image/s=2135.5 lr=5.85e-04
[step 1450/3000] loss=5.4818 ms/iter=87.4 image/s=2196.2 lr=5.59e-04
[step 1500/3000] loss=5.4817 ms/iter=90.1 image/s=2130.9 lr=5.32e-04
[step 1550/3000] loss=5.4019 ms/iter=88.7 image/s=2164.6 lr=5.05e-04
[step 1600/3000] loss=5.3784 ms/iter=89.2 image/s=2153.4 lr=4.78e-04
[step 1650/3000] loss=5.3029 ms/iter=90.1 image/s=2131.4 lr=4.51e-04
[step 1700/3000] loss=5.2775 ms/iter=88.1 image/s=2178.8 lr=4.25e-04
[step 1750/3000] loss=5.2772 ms/iter=86.8 image/s=2212.3 lr=3.99e-04
[step 1800/3000] loss=5.2040 ms/iter=86.5 image/s=2220.0 lr=3.73e-04
[step 1850/3000] loss=5.1798 ms/iter=87.0 image/s=2207.1 lr=3.47e-04
[step 1900/3000] loss=5.1798 ms/iter=91.7 image/s=2094.7 lr=3.22e-04
[step 1950/3000] loss=5.1798 ms/iter=90.2 image/s=2129.6 lr=2.97e-04
[step 2000/3000] loss=5.1093 ms/iter=89.8 image/s=2138.4 lr=2.73e-04
[step 2050/3000] loss=5.0903 ms/iter=89.6 image/s=2141.8 lr=2.50e-04
[step 2100/3000] loss=5.0860 ms/iter=90.0 image/s=2133.4 lr=2.27e-04
[step 2150/3000] loss=5.0860 ms/iter=92.2 image/s=2081.6 lr=2.05e-04
[step 2200/3000] loss=5.0860 ms/iter=92.7 image/s=2070.7 lr=1.85e-04
[step 2250/3000] loss=5.0860 ms/iter=91.2 image/s=2104.4 lr=1.65e-04
[step 2300/3000] loss=5.0185 ms/iter=90.9 image/s=2112.5 lr=1.46e-04
[step 2350/3000] loss=5.0185 ms/iter=89.1 image/s=2155.7 lr=1.28e-04
[step 2400/3000] loss=5.0178 ms/iter=90.7 image/s=2116.0 lr=1.11e-04
[step 2450/3000] loss=4.9962 ms/iter=88.3 image/s=2173.4 lr=9.53e-05
[step 2500/3000] loss=4.9962 ms/iter=87.6 image/s=2191.0 lr=8.09e-05
[step 2550/3000] loss=4.9962 ms/iter=121.9 image/s=1575.2 lr=6.77e-05
[step 2600/3000] loss=4.9962 ms/iter=111.5 image/s=1722.6 lr=5.58e-05
[step 2650/3000] loss=4.9962 ms/iter=114.5 image/s=1676.9 lr=4.52e-05
[step 2700/3000] loss=4.9962 ms/iter=114.5 image/s=1677.3 lr=3.59e-05
[step 2750/3000] loss=4.9962 ms/iter=113.9 image/s=1685.3 lr=2.80e-05
[step 2800/3000] loss=4.9962 ms/iter=112.3 image/s=1709.5 lr=2.16e-05
[step 2850/3000] loss=4.9962 ms/iter=114.9 image/s=1670.9 lr=1.65e-05
[step 2900/3000] loss=4.9962 ms/iter=114.6 image/s=1675.3 lr=1.29e-05
[step 2950/3000] loss=4.9962 ms/iter=117.8 image/s=1629.8 lr=1.07e-05
[step 3000/3000] loss=4.9962 ms/iter=117.7 image/s=1631.1 lr=1.00e-05
[done] total=433.9s steps=3000 steady_image_s=1613.8
[saved] /nas_train/app.e0031982/datasets/baize-vision/out/S6_ov2_r224_p14/vision.pt
===== S6 ov2 r224 p14 done (exit 0) =====
===== S6 openvision2 res=336 patch=14 =====
[run_train] tower=openvision2 steps=3000 out=/nas_train/app.e0031982/datasets/baize-vision/out/S6_ov2_r336_p14 extra=--data /nas_train/app.e0031982/datasets/baize-vision/en500k/*.tar --batch-size 32 --log-every 50 --resolution 336 --patch 14

[model] openvision2 vision params=505.2M
[start] tower=openvision2 loss=siglip lr=0.001 bs=32 world=6 steps=3000 res=336 patch=14 seed=1234 shards=5/rank
[step 50/3000] loss=7.7138 ms/iter=319.8 image/s=600.4 lr=5.00e-04
[step 100/3000] loss=7.6054 ms/iter=150.0 image/s=1279.6 lr=1.00e-03
[step 150/3000] loss=7.4921 ms/iter=150.5 image/s=1275.5 lr=9.99e-04
[step 200/3000] loss=7.4613 ms/iter=150.4 image/s=1276.5 lr=9.97e-04
[step 250/3000] loss=7.3392 ms/iter=149.4 image/s=1284.8 lr=9.93e-04
[step 300/3000] loss=7.2173 ms/iter=149.3 image/s=1286.2 lr=9.88e-04
[step 350/3000] loss=7.1263 ms/iter=149.3 image/s=1285.9 lr=9.82e-04
[step 400/3000] loss=7.0308 ms/iter=149.3 image/s=1286.2 lr=9.74e-04
[step 450/3000] loss=6.9746 ms/iter=149.2 image/s=1287.2 lr=9.65e-04
[step 500/3000] loss=6.8541 ms/iter=149.3 image/s=1285.9 lr=9.54e-04
[step 550/3000] loss=6.7343 ms/iter=149.3 image/s=1286.1 lr=9.42e-04
[step 600/3000] loss=6.6448 ms/iter=149.2 image/s=1286.5 lr=9.29e-04
[step 650/3000] loss=6.6149 ms/iter=149.1 image/s=1287.5 lr=9.15e-04
[step 700/3000] loss=6.4964 ms/iter=149.0 image/s=1288.5 lr=8.99e-04
[step 750/3000] loss=6.3905 ms/iter=149.2 image/s=1286.6 lr=8.82e-04
[step 800/3000] loss=6.3782 ms/iter=148.7 image/s=1291.0 lr=8.64e-04
[step 850/3000] loss=6.2614 ms/iter=148.7 image/s=1291.4 lr=8.45e-04
[step 900/3000] loss=6.1457 ms/iter=148.8 image/s=1290.7 lr=8.25e-04
[step 950/3000] loss=6.1457 ms/iter=148.9 image/s=1289.2 lr=8.05e-04
[step 1000/3000] loss=6.0312 ms/iter=148.9 image/s=1289.6 lr=7.83e-04
[step 1050/3000] loss=5.9463 ms/iter=149.0 image/s=1288.4 lr=7.60e-04
[step 1100/3000] loss=5.9178 ms/iter=149.0 image/s=1288.9 lr=7.37e-04
[step 1150/3000] loss=5.8059 ms/iter=149.0 image/s=1288.3 lr=7.13e-04
[step 1200/3000] loss=5.8057 ms/iter=154.2 image/s=1245.0 lr=6.88e-04
[step 1250/3000] loss=5.6957 ms/iter=149.3 image/s=1286.3 lr=6.63e-04
[step 1300/3000] loss=5.6418 ms/iter=149.5 image/s=1284.5 lr=6.37e-04
[step 1350/3000] loss=5.5877 ms/iter=149.1 image/s=1287.9 lr=6.11e-04
[step 1400/3000] loss=5.5875 ms/iter=149.8 image/s=1281.7 lr=5.85e-04
[step 1450/3000] loss=5.4818 ms/iter=149.9 image/s=1281.2 lr=5.59e-04
[step 1500/3000] loss=5.4818 ms/iter=149.2 image/s=1286.7 lr=5.32e-04
[step 1550/3000] loss=5.3785 ms/iter=149.1 image/s=1287.4 lr=5.05e-04
[step 1600/3000] loss=5.3785 ms/iter=149.3 image/s=1286.3 lr=4.78e-04
[step 1650/3000] loss=5.3029 ms/iter=149.2 image/s=1287.2 lr=4.51e-04
[step 1700/3000] loss=5.2776 ms/iter=149.2 image/s=1287.0 lr=4.25e-04
[step 1750/3000] loss=5.2772 ms/iter=149.3 image/s=1285.7 lr=3.99e-04
[step 1800/3000] loss=5.2262 ms/iter=149.5 image/s=1284.7 lr=3.73e-04
[step 1850/3000] loss=5.1798 ms/iter=149.4 image/s=1285.2 lr=3.47e-04
[step 1900/3000] loss=5.1798 ms/iter=149.5 image/s=1284.1 lr=3.22e-04
[step 1950/3000] loss=5.1798 ms/iter=148.7 image/s=1290.9 lr=2.97e-04
[step 2000/3000] loss=5.1093 ms/iter=148.8 image/s=1289.9 lr=2.73e-04
[step 2050/3000] loss=5.1093 ms/iter=148.8 image/s=1290.1 lr=2.50e-04
[step 2100/3000] loss=5.0860 ms/iter=148.6 image/s=1292.0 lr=2.27e-04
[step 2150/3000] loss=5.0860 ms/iter=148.8 image/s=1290.1 lr=2.05e-04
[step 2200/3000] loss=5.0860 ms/iter=148.8 image/s=1290.5 lr=1.85e-04
[step 2250/3000] loss=5.0860 ms/iter=148.6 image/s=1291.8 lr=1.65e-04
[step 2300/3000] loss=5.0324 ms/iter=148.7 image/s=1291.1 lr=1.46e-04
[step 2350/3000] loss=5.0185 ms/iter=148.9 image/s=1289.8 lr=1.28e-04
[step 2400/3000] loss=4.9962 ms/iter=148.8 image/s=1290.4 lr=1.11e-04
[step 2450/3000] loss=4.9962 ms/iter=148.8 image/s=1290.2 lr=9.53e-05
[step 2500/3000] loss=4.9962 ms/iter=148.6 image/s=1292.5 lr=8.09e-05
[step 2550/3000] loss=4.9962 ms/iter=163.8 image/s=1172.0 lr=6.77e-05
[step 2600/3000] loss=4.9962 ms/iter=148.9 image/s=1289.2 lr=5.58e-05
[step 2650/3000] loss=4.9962 ms/iter=148.7 image/s=1291.1 lr=4.52e-05
[step 2700/3000] loss=4.9962 ms/iter=148.8 image/s=1290.3 lr=3.59e-05
[step 2750/3000] loss=4.9962 ms/iter=148.9 image/s=1289.8 lr=2.80e-05
[step 2800/3000] loss=4.9962 ms/iter=148.6 image/s=1291.7 lr=2.16e-05
[step 2850/3000] loss=4.9962 ms/iter=148.5 image/s=1292.9 lr=1.65e-05
[step 2900/3000] loss=4.9962 ms/iter=148.7 image/s=1291.0 lr=1.29e-05
[step 2950/3000] loss=4.9962 ms/iter=152.6 image/s=1258.0 lr=1.07e-05
[step 3000/3000] loss=4.9962 ms/iter=151.7 image/s=1265.9 lr=1.00e-05
[done] total=744.0s steps=3000 steady_image_s=1289.7
[saved] /nas_train/app.e0031982/datasets/baize-vision/out/S6_ov2_r336_p14/vision.pt
===== S6 ov2 r336 p14 done (exit 0) =====
===== S6 openvision2 res=448 patch=14 =====
