===== S9 openvision2 batch=1 res=224 patch=16 =====
/nas_train/app.e0031982/miniforge3/envs/py310/lib/python3.10/site-packages/torch/cuda/__init__.py:63: FutureWarning: The pynvml package is deprecated. Please install nvidia-ml-py instead. If you did not install pynvml directly, please report this to the maintainers of the package that installed pynvml for you.
  import pynvml  # type: ignore[import]
[bench] tower=openvision2 batch=1 res=224 patch=16 patches=196
[bench] ms/img=10.069ms  image/s=99.3  token/s=19465.3
===== S9 openvision2 batch=8 res=224 patch=16 =====
/nas_train/app.e0031982/miniforge3/envs/py310/lib/python3.10/site-packages/torch/cuda/__init__.py:63: FutureWarning: The pynvml package is deprecated. Please install nvidia-ml-py instead. If you did not install pynvml directly, please report this to the maintainers of the package that installed pynvml for you.
  import pynvml  # type: ignore[import]
[bench] tower=openvision2 batch=8 res=224 patch=16 patches=196
[bench] ms/img=0.887ms  image/s=1127.7  token/s=221028.7
===== S9 openvision2 batch=32 res=224 patch=16 =====
/nas_train/app.e0031982/miniforge3/envs/py310/lib/python3.10/site-packages/torch/cuda/__init__.py:63: FutureWarning: The pynvml package is deprecated. Please install nvidia-ml-py instead. If you did not install pynvml directly, please report this to the maintainers of the package that installed pynvml for you.
  import pynvml  # type: ignore[import]
[bench] tower=openvision2 batch=32 res=224 patch=16 patches=196
[bench] ms/img=0.711ms  image/s=1405.7  token/s=275515.7
===== S9 openvision2 batch=1 res=336 patch=16 =====
/nas_train/app.e0031982/miniforge3/envs/py310/lib/python3.10/site-packages/torch/cuda/__init__.py:63: FutureWarning: The pynvml package is deprecated. Please install nvidia-ml-py instead. If you did not install pynvml directly, please report this to the maintainers of the package that installed pynvml for you.
  import pynvml  # type: ignore[import]
[bench] tower=openvision2 batch=1 res=336 patch=16 patches=441
[bench] ms/img=7.118ms  image/s=140.5  token/s=61954.9
===== S9 openvision2 batch=1 res=448 patch=16 =====
/nas_train/app.e0031982/miniforge3/envs/py310/lib/python3.10/site-packages/torch/cuda/__init__.py:63: FutureWarning: The pynvml package is deprecated. Please install nvidia-ml-py instead. If you did not install pynvml directly, please report this to the maintainers of the package that installed pynvml for you.
  import pynvml  # type: ignore[import]
[bench] tower=openvision2 batch=1 res=448 patch=16 patches=784
[bench] ms/img=6.949ms  image/s=143.9  token/s=112826.7
===== S9 openvision2 batch=1 res=224 patch=14 =====
/nas_train/app.e0031982/miniforge3/envs/py310/lib/python3.10/site-packages/torch/cuda/__init__.py:63: FutureWarning: The pynvml package is deprecated. Please install nvidia-ml-py instead. If you did not install pynvml directly, please report this to the maintainers of the package that installed pynvml for you.
  import pynvml  # type: ignore[import]
[bench] tower=openvision2 batch=1 res=224 patch=14 patches=256
[bench] ms/img=10.206ms  image/s=98.0  token/s=25083.0
===== S9 ALL DONE =====
