=== R3 Contamination Scan ===
Start: Sat Oct 10 10:36:45 AM CST 2026
Sources: L3(10) + Code(10) + Math(10) = 30 files × 2K docs = 60K docs

--- L3_en_qa: part-00000-37dc9f21-f87f-4f43-8dd2-134424f1537a-c000.snappy.parquet ---
[done] 扫描 2000 文档 / 命中 0；报告写入 /tmp/contam_r3_part-00000-f36f5a53-4a77-434b-b9bc-67ed69b93fe2-c000.snappy.md
  → docs=2000 hits=0
--- L3_en_ms: part-00184-f36f5a53-4a77-434b-b9bc-67ed69b93fe2-c000.snappy.parquet ---
[done] 扫描 2000 文档 / 命中 0；报告写入 /tmp/contam_r3_part-00000-37dc9f21-f87f-4f43-8dd2-134424f1537a-c000.snappy.md
  → docs=2000 hits=0
--- L3_en_qa: part-00205-37dc9f21-f87f-4f43-8dd2-134424f1537a-c000.snappy.parquet ---
[done] 扫描 2000 文档 / 命中 0；报告写入 /tmp/contam_r3_part-00184-f36f5a53-4a77-434b-b9bc-67ed69b93fe2-c000.snappy.md
  → docs=2000 hits=0
--- L3_en_ms: part-00368-f36f5a53-4a77-434b-b9bc-67ed69b93fe2-c000.snappy.parquet ---
[done] 扫描 2000 文档 / 命中 0；报告写入 /tmp/contam_r3_part-00368-f36f5a53-4a77-434b-b9bc-67ed69b93fe2-c000.snappy.md
  → docs=2000 hits=0
--- L3_zh_qa: part-00000-100cee91-ea2e-4268-9b98-1403cd5d9d11-c000.snappy.parquet ---
[done] 扫描 2000 文档 / 命中 0；报告写入 /tmp/contam_r3_part-00000-100cee91-ea2e-4268-9b98-1403cd5d9d11-c000.snappy.md
  → docs=2000 hits=0
--- L3_zh_qa: part-00155-100cee91-ea2e-4268-9b98-1403cd5d9d11-c000.snappy.parquet ---
[done] 扫描 2000 文档 / 命中 0；报告写入 /tmp/contam_r3_part-00155-100cee91-ea2e-4268-9b98-1403cd5d9d11-c000.snappy.md
  → docs=2000 hits=0
--- L3_zh_ms: part-00000-c13afd3b-b5fb-4acd-97dc-e045a844c126-c000.snappy.parquet ---
[done] 扫描 2000 文档 / 命中 0；报告写入 /tmp/contam_r3_part-00000-c13afd3b-b5fb-4acd-97dc-e045a844c126-c000.snappy.md
  → docs=2000 hits=0
--- L3_zh_ms: part-00143-c13afd3b-b5fb-4acd-97dc-e045a844c126-c000.snappy.parquet ---
[done] 扫描 2000 文档 / 命中 0；报告写入 /tmp/contam_r3_part-00143-c13afd3b-b5fb-4acd-97dc-e045a844c126-c000.snappy.md
  → docs=2000 hits=0
--- Code_L2_cpp: UltraData-Code-L2-cpp-part-00001-of-00031.parquet ---
[done] 扫描 2000 文档 / 命中 0；报告写入 /tmp/contam_r3_UltraData-Code-L2-cpp-part-00001-of-00031.md
  → docs=2000 hits=0
--- Code_L2_py: UltraData-Code-L2-py-part-00001-of-00119.parquet ---
[done] 扫描 2000 文档 / 命中 0；报告写入 /tmp/contam_r3_UltraData-Code-L2-py-part-00001-of-00119.md
  → docs=2000 hits=0
--- Code_L2_java: UltraData-Code-L2-java-part-00001-of-00065.parquet ---
[done] 扫描 2000 文档 / 命中 0；报告写入 /tmp/contam_r3_UltraData-Code-L2-java-part-00001-of-00065.md
  → docs=2000 hits=0
--- Code_L2_js: UltraData-Code-L2-js-part-00001-of-00159.parquet ---
[done] 扫描 2000 文档 / 命中 0；报告写入 /tmp/contam_r3_UltraData-Code-L2-js-part-00001-of-00159.md
  → docs=2000 hits=0
--- Code_L2_go: UltraData-Code-L2-go-part-00001-of-00006.parquet ---
[done] 扫描 2000 文档 / 命中 0；报告写入 /tmp/contam_r3_UltraData-Code-L2-go-part-00001-of-00006.md
  → docs=2000 hits=0
--- Code_L3_cpp: UltraData-Code-L3-cpp-part-00001-of-00167.parquet ---
[done] 扫描 2000 文档 / 命中 0；报告写入 /tmp/contam_r3_UltraData-Code-L3-cpp-part-00001-of-00167.md
  → docs=2000 hits=0
--- Code_L3_py: UltraData-Code-L3-py-part-00001-of-00147.parquet ---
[done] 扫描 2000 文档 / 命中 0；报告写入 /tmp/contam_r3_UltraData-Code-L3-py-part-00001-of-00147.md
  → docs=2000 hits=0
--- Code_L3_java: UltraData-Code-L3-java-part-00001-of-00137.parquet ---
[done] 扫描 2000 文档 / 命中 0；报告写入 /tmp/contam_r3_UltraData-Code-L3-java-part-00001-of-00137.md
  → docs=2000 hits=0
--- Code_L3_js: UltraData-Code-L3-js-part-00001-of-00029.parquet ---
[done] 扫描 2000 文档 / 命中 0；报告写入 /tmp/contam_r3_UltraData-Code-L3-js-part-00001-of-00029.md
  → docs=2000 hits=0
--- Code_L3_rs: UltraData-Code-L3-rs-part-00001-of-00007.parquet ---
[done] 扫描 2000 文档 / 命中 0；报告写入 /tmp/contam_r3_UltraData-Code-L3-rs-part-00001-of-00007.md
  → docs=2000 hits=0
--- Math_L1: UltraData-Math-L1-CC-MAIN-2014-15-part-0001-of-15.parquet ---
[done] 扫描 2000 文档 / 命中 0；报告写入 /tmp/contam_r3_UltraData-Math-L1-CC-MAIN-2014-15-part-0001-of-15.md
  → docs=2000 hits=0
--- Math_L1: UltraData-Math-L1-CC-MAIN-2014-23-part-0001-of-15.parquet ---
  → docs=2000 hits=0
--- Math_L1: UltraData-Math-L1-CC-MAIN-2014-35-part-0001-of-15.parquet ---
[done] 扫描 2000 文档 / 命中 0；报告写入 /tmp/contam_r3_UltraData-Math-L1-CC-MAIN-2014-35-part-0001-of-15.md
  → docs=2000 hits=0
--- Math_L1: UltraData-Math-L1-CC-MAIN-2014-41-part-0001-of-15.parquet ---
[done] 扫描 2000 文档 / 命中 0；报告写入 /tmp/contam_r3_UltraData-Math-L1-CC-MAIN-2014-41-part-0001-of-15.md
  → docs=2000 hits=0
--- Math_L1: UltraData-Math-L1-CC-MAIN-2014-42-part-0001-of-15.parquet ---
[done] 扫描 2000 文档 / 命中 0；报告写入 /tmp/contam_r3_UltraData-Math-L1-CC-MAIN-2014-42-part-0001-of-15.md
  → docs=2000 hits=0
--- Math_L1: UltraData-Math-L1-CC-MAIN-2015-11-part-0001-of-15.parquet ---
[done] 扫描 2000 文档 / 命中 0；报告写入 /tmp/contam_r3_UltraData-Math-L1-CC-MAIN-2015-11-part-0001-of-15.md
  → docs=2000 hits=0

=== COMPLETING REMAINING 6 FILES ===
Start: Sat Oct 10 11:16:59 AM CST 2026
--- L3_en_qa: part-00410-37dc9f21-f87f-4f43-8dd2-134424f1537a-c000.snappy.parquet ---
[done] 扫描 2000 文档 / 命中 0；报告写入 /tmp/contam_r3_rem_part-00410-37dc9f21-f87f-4f43-8dd2-134424f1537a-c000.snappy.md
  → docs=2000 hits=0
--- L3_en_ms: part-00000-f36f5a53-4a77-434b-b9bc-67ed69b93fe2-c000.snappy.parquet ---

=== COMPLETING REMAINING 6 FILES ===
Start: Sat Oct 10 11:18:04 AM CST 2026
--- L3_en_qa: part-00410-37dc9f21-f87f-4f43-8dd2-134424f1537a-c000.snappy.parquet ---
[done] 扫描 2000 文档 / 命中 0；报告写入 /tmp/contam_r3_rem_part-00410-37dc9f21-f87f-4f43-8dd2-134424f1537a-c000.snappy.md
  → docs= hits=
--- L3_en_ms: part-00000-f36f5a53-4a77-434b-b9bc-67ed69b93fe2-c000.snappy.parquet ---
[done] 扫描 2000 文档 / 命中 0；报告写入 /tmp/contam_r3_rem_part-00000-f36f5a53-4a77-434b-b9bc-67ed69b93fe2-c000.snappy.md
  → docs= hits=
--- Math_L2p: UltraData-Math-L2-part-00001-of-00138.parquet ---
[done] 扫描 2000 文档 / 命中 0；报告写入 /tmp/contam_r3_rem_UltraData-Math-L2-part-00001-of-00138.md
  → docs= hits=
--- Math_L2p: UltraData-Math-L2-part-00002-of-00138.parquet ---
[done] 扫描 2000 文档 / 命中 0；报告写入 /tmp/contam_r3_rem_UltraData-Math-L2-part-00002-of-00138.md
  → docs= hits=
--- Math_L3: UltraData-Math-L3-QA-Synthetic-part-0000-of-50.parquet ---
[done] 扫描 2000 文档 / 命中 0；报告写入 /tmp/contam_r3_rem_UltraData-Math-L3-QA-Synthetic-part-0000-of-50.md
  → docs= hits=
--- Math_L3: UltraData-Math-L3-Conversation-Synthetic-part-0000-of-50.parquet ---
[done] 扫描 2000 文档 / 命中 0；报告写入 /tmp/contam_r3_rem_UltraData-Math-L3-Conversation-Synthetic-part-0000-of-50.md
  → docs= hits=

=== REMAINING 6 FILES DONE ===
Additional files: 6 / docs: 0 / hits: 0
End: Sat Oct 10 11:19:40 AM CST 2026

=== COMPLETING REMAINING 6 FILES ===
Start: Sat Oct 10 11:21:05 AM CST 2026
--- L3_en_qa: part-00410-37dc9f21-f87f-4f43-8dd2-134424f1537a-c000.snappy.parquet ---
[done] 扫描 2000 文档 / 命中 0；报告写入 /tmp/cr3r_part-00410-37dc9f21-f87f-4f43-8dd2-134424f1537a-c000.snappy.md
  -> docs= hits=
--- L3_en_ms: part-00000-f36f5a53-4a77-434b-b9bc-67ed69b93fe2-c000.snappy.parquet ---
[done] 扫描 2000 文档 / 命中 0；报告写入 /tmp/cr3r_part-00000-f36f5a53-4a77-434b-b9bc-67ed69b93fe2-c000.snappy.md
  -> docs= hits=
--- Math_L2p: UltraData-Math-L2-part-00001-of-00138.parquet ---
[done] 扫描 2000 文档 / 命中 0；报告写入 /tmp/cr3r_UltraData-Math-L2-part-00001-of-00138.md
  -> docs= hits=
--- Math_L2p: UltraData-Math-L2-part-00002-of-00138.parquet ---
[done] 扫描 2000 文档 / 命中 0；报告写入 /tmp/cr3r_UltraData-Math-L2-part-00002-of-00138.md
  -> docs= hits=
--- Math_L3: UltraData-Math-L3-QA-Synthetic-part-0000-of-50.parquet ---
[done] 扫描 2000 文档 / 命中 0；报告写入 /tmp/cr3r_UltraData-Math-L3-QA-Synthetic-part-0000-of-50.md
  -> docs= hits=
--- Math_L3: UltraData-Math-L3-Conversation-Synthetic-part-0000-of-50.parquet ---
[done] 扫描 2000 文档 / 命中 0；报告写入 /tmp/cr3r_UltraData-Math-L3-Conversation-Synthetic-part-0000-of-50.md
  -> docs= hits=

=== ALL DONE: 30 files / 48000 docs / 0 hits ===
End: Sat Oct 10 11:22:43 AM CST 2026
